Archive member included to satisfy reference by file (symbol)

c:/st/stm32cubeide_1.4.0/stm32cubeide/plugins/com.st.stm32cube.ide.mcu.externaltools.gnu-tools-for-stm32.7-2018-q2-update.win32_1.4.0.202007081208/tools/bin/../lib/gcc/arm-none-eabi/7.3.1/../../../../arm-none-eabi/lib/thumb/v7-m\libc_nano.a(lib_a-errno.o)
                              Src/syscalls.o (__errno)
c:/st/stm32cubeide_1.4.0/stm32cubeide/plugins/com.st.stm32cube.ide.mcu.externaltools.gnu-tools-for-stm32.7-2018-q2-update.win32_1.4.0.202007081208/tools/bin/../lib/gcc/arm-none-eabi/7.3.1/../../../../arm-none-eabi/lib/thumb/v7-m\libc_nano.a(lib_a-exit.o)
                              c:/st/stm32cubeide_1.4.0/stm32cubeide/plugins/com.st.stm32cube.ide.mcu.externaltools.gnu-tools-for-stm32.7-2018-q2-update.win32_1.4.0.202007081208/tools/bin/../lib/gcc/arm-none-eabi/7.3.1/../../../../arm-none-eabi/lib/thumb/v7-m/crt0.o (exit)
c:/st/stm32cubeide_1.4.0/stm32cubeide/plugins/com.st.stm32cube.ide.mcu.externaltools.gnu-tools-for-stm32.7-2018-q2-update.win32_1.4.0.202007081208/tools/bin/../lib/gcc/arm-none-eabi/7.3.1/../../../../arm-none-eabi/lib/thumb/v7-m\libc_nano.a(lib_a-impure.o)
                              c:/st/stm32cubeide_1.4.0/stm32cubeide/plugins/com.st.stm32cube.ide.mcu.externaltools.gnu-tools-for-stm32.7-2018-q2-update.win32_1.4.0.202007081208/tools/bin/../lib/gcc/arm-none-eabi/7.3.1/../../../../arm-none-eabi/lib/thumb/v7-m\libc_nano.a(lib_a-exit.o) (_global_impure_ptr)
c:/st/stm32cubeide_1.4.0/stm32cubeide/plugins/com.st.stm32cube.ide.mcu.externaltools.gnu-tools-for-stm32.7-2018-q2-update.win32_1.4.0.202007081208/tools/bin/../lib/gcc/arm-none-eabi/7.3.1/../../../../arm-none-eabi/lib/thumb/v7-m\libc_nano.a(lib_a-init.o)
                              c:/st/stm32cubeide_1.4.0/stm32cubeide/plugins/com.st.stm32cube.ide.mcu.externaltools.gnu-tools-for-stm32.7-2018-q2-update.win32_1.4.0.202007081208/tools/bin/../lib/gcc/arm-none-eabi/7.3.1/../../../../arm-none-eabi/lib/thumb/v7-m/crt0.o (__libc_init_array)
c:/st/stm32cubeide_1.4.0/stm32cubeide/plugins/com.st.stm32cube.ide.mcu.externaltools.gnu-tools-for-stm32.7-2018-q2-update.win32_1.4.0.202007081208/tools/bin/../lib/gcc/arm-none-eabi/7.3.1/../../../../arm-none-eabi/lib/thumb/v7-m\libc_nano.a(lib_a-memset.o)
                              c:/st/stm32cubeide_1.4.0/stm32cubeide/plugins/com.st.stm32cube.ide.mcu.externaltools.gnu-tools-for-stm32.7-2018-q2-update.win32_1.4.0.202007081208/tools/bin/../lib/gcc/arm-none-eabi/7.3.1/../../../../arm-none-eabi/lib/thumb/v7-m/crt0.o (memset)
c:/st/stm32cubeide_1.4.0/stm32cubeide/plugins/com.st.stm32cube.ide.mcu.externaltools.gnu-tools-for-stm32.7-2018-q2-update.win32_1.4.0.202007081208/tools/bin/../lib/gcc/arm-none-eabi/7.3.1/../../../../arm-none-eabi/lib/thumb/v7-m\libc_nano.a(lib_a-sprintf.o)
                              HAL/LCD_Programme.o (sprintf)
c:/st/stm32cubeide_1.4.0/stm32cubeide/plugins/com.st.stm32cube.ide.mcu.externaltools.gnu-tools-for-stm32.7-2018-q2-update.win32_1.4.0.202007081208/tools/bin/../lib/gcc/arm-none-eabi/7.3.1/../../../../arm-none-eabi/lib/thumb/v7-m\libc_nano.a(lib_a-nano-svfprintf.o)
                              c:/st/stm32cubeide_1.4.0/stm32cubeide/plugins/com.st.stm32cube.ide.mcu.externaltools.gnu-tools-for-stm32.7-2018-q2-update.win32_1.4.0.202007081208/tools/bin/../lib/gcc/arm-none-eabi/7.3.1/../../../../arm-none-eabi/lib/thumb/v7-m\libc_nano.a(lib_a-sprintf.o) (_svfprintf_r)
c:/st/stm32cubeide_1.4.0/stm32cubeide/plugins/com.st.stm32cube.ide.mcu.externaltools.gnu-tools-for-stm32.7-2018-q2-update.win32_1.4.0.202007081208/tools/bin/../lib/gcc/arm-none-eabi/7.3.1/../../../../arm-none-eabi/lib/thumb/v7-m\libc_nano.a(lib_a-nano-vfprintf_i.o)
                              c:/st/stm32cubeide_1.4.0/stm32cubeide/plugins/com.st.stm32cube.ide.mcu.externaltools.gnu-tools-for-stm32.7-2018-q2-update.win32_1.4.0.202007081208/tools/bin/../lib/gcc/arm-none-eabi/7.3.1/../../../../arm-none-eabi/lib/thumb/v7-m\libc_nano.a(lib_a-nano-svfprintf.o) (_printf_i)
c:/st/stm32cubeide_1.4.0/stm32cubeide/plugins/com.st.stm32cube.ide.mcu.externaltools.gnu-tools-for-stm32.7-2018-q2-update.win32_1.4.0.202007081208/tools/bin/../lib/gcc/arm-none-eabi/7.3.1/../../../../arm-none-eabi/lib/thumb/v7-m\libc_nano.a(lib_a-memchr-stub.o)
                              c:/st/stm32cubeide_1.4.0/stm32cubeide/plugins/com.st.stm32cube.ide.mcu.externaltools.gnu-tools-for-stm32.7-2018-q2-update.win32_1.4.0.202007081208/tools/bin/../lib/gcc/arm-none-eabi/7.3.1/../../../../arm-none-eabi/lib/thumb/v7-m\libc_nano.a(lib_a-nano-svfprintf.o) (memchr)
c:/st/stm32cubeide_1.4.0/stm32cubeide/plugins/com.st.stm32cube.ide.mcu.externaltools.gnu-tools-for-stm32.7-2018-q2-update.win32_1.4.0.202007081208/tools/bin/../lib/gcc/arm-none-eabi/7.3.1/../../../../arm-none-eabi/lib/thumb/v7-m\libc_nano.a(lib_a-memcpy-stub.o)
[...]
Memory Configuration

Name             Origin             Length             Attributes
RAM              0x0000000020000000 0x0000000000002800 xrw
ROM              0x0000000008000000 0x0000000000008000 xr
*default*        0x0000000000000000 0xffffffffffffffff

Linker script and memory map

LOAD c:/st/stm32cubeide_1.4.0/stm32cubeide/plugins/com.st.stm32cube.ide.mcu.externaltools.gnu-tools-for-stm32.7-2018-q2-update.win32_1.4.0.202007081208/tools/bin/../lib/gcc/arm-none-eabi/7.3.1/thumb/v7-m/crti.o
LOAD c:/st/stm32cubeide_1.4.0/stm32cubeide/plugins/com.st.stm32cube.ide.mcu.externaltools.gnu-tools-for-stm32.7-2018-q2-update.win32_1.4.0.202007081208/tools/bin/../lib/gcc/arm-none-eabi/7.3.1/thumb/v7-m/crtbegin.o
LOAD c:/st/stm32cubeide_1.4.0/stm32cubeide/plugins/com.st.stm32cube.ide.mcu.externaltools.gnu-tools-for-stm32.7-2018-q2-update.win32_1.4.0.202007081208/tools/bin/../lib/gcc/arm-none-eabi/7.3.1/../../../../arm-none-eabi/lib/thumb/v7-m/crt0.o
LOAD HAL/KEYPAD_programming.o
LOAD HAL/LCD_Programme.o
LOAD HAL/srevo_motor.o
LOAD Src/SCP_application.o
LOAD Src/main.o
LOAD Src/syscalls.o
LOAD Src/sysmem.o
LOAD Startup/startup_stm32f103c6tx.o
LOAD Stm32F103C6_Drivers/Stm32F103C8_SPI_Driver.o
LOAD Stm32F103C6_Drivers/Stm32_F103C6_RCC_driver.o
LOAD Stm32F103C6_Drivers/Stm32_F103C6_UART_driver.o
LOAD Stm32F103C6_Drivers/Stm32_F103C6_gpio_driver.o
LOAD Stm32F103C6_Drivers/Timer.o
START GROUP
LOAD c:/st/stm32cubeide_1.4.0/stm32cubeide/plugins/com.st.stm32cube.ide.mcu.externaltools.gnu-tools-for-stm32.7-2018-q2-update.win32_1.4.0.202007081208/tools/bin/../lib/gcc/arm-none-eabi/7.3.1/../../../../arm-none-eabi/lib/thumb/v7-m\libc_nano.a
LOAD c:/st/stm32cubeide_1.4.0/stm32cubeide/plugins/com.st.stm32cube.ide.mcu.externaltools.gnu-tools-for-stm32.7-2018-q2-update.win32_1.4.0.202007081208/tools/bin/../lib/gcc/arm-none-eabi/7.3.1/../../../../arm-none-eabi/lib/thumb/v7-m\libm.a
END GROUP
START GROUP
LOAD c:/st/stm32cubeide_1.4.0/stm32cubeide/plugins/com.st.stm32cube.ide.mcu.externaltools.gnu-tools-for-stm32.7-2018-q2-update.win32_1.4.0.202007081208/tools/bin/../lib/gcc/arm-none-eabi/7.3.1/thumb/v7-m\libgcc.a
LOAD c:/st/stm32cubeide_1.4.0/stm32cubeide/plugins/com.st.stm32cube.ide.mcu.externaltools.gnu-tools-for-stm32.7-2018-q2-update.win32_1.4.0.202007081208/tools/bin/../lib/gcc/arm-none-eabi/7.3.1/../../../../arm-none-eabi/lib/thumb/v7-m\libg_nano.a
LOAD c:/st/stm32cubeide_1.4.0/stm32cubeide/plugins/com.st.stm32cube.ide.mcu.externaltools.gnu-tools-for-stm32.7-2018-q2-update.win32_1.4.0.202007081208/tools/bin/../lib/gcc/arm-none-eabi/7.3.1/../../../../arm-none-eabi/lib/thumb/v7-m\libc_nano.a
END GROUP
START GROUP
LOAD c:/st/stm32cubeide_1.4.0/stm32cubeide/plugins/com.st.stm32cube.ide.mcu.externaltools.gnu-tools-for-stm32.7-2018-q2-update.win32_1.4.0.202007081208/tools/bin/../lib/gcc/arm-none-eabi/7.3.1/thumb/v7-m\libgcc.a
LOAD c:/st/stm32cubeide_1.4.0/stm32cubeide/plugins/com.st.stm32cube.ide.mcu.externaltools.gnu-tools-for-stm32.7-2018-q2-update.win32_1.4.0.202007081208/tools/bin/../lib/gcc/arm-none-eabi/7.3.1/../../../../arm-none-eabi/lib/thumb/v7-m\libc_nano.a
LOAD c:/st/stm32cubeide_1.4.0/stm32cubeide/plugins/com.st.stm32cube.ide.mcu.externaltools.gnu-tools-for-stm32.7-2018-q2-update.win32_1.4.0.202007081208/tools/bin/../lib/gcc/arm-none-eabi/7.3.1/../../../../arm-none-eabi/lib/thumb/v7-m\libnosys.a
END GROUP
START GROUP
LOAD c:/st/stm32cubeide_1.4.0/stm32cubeide/plugins/com.st.stm32cube.ide.mcu.externaltools.gnu-tools-for-stm32.7-2018-q2-update.win32_1.4.0.202007081208/tools/bin/../lib/gcc/arm-none-eabi/7.3.1/thumb/v7-m\libgcc.a
LOAD c:/st/stm32cubeide_1.4.0/stm32cubeide/plugins/com.st.stm32cube.ide.mcu.externaltools.gnu-tools-for-stm32.7-2018-q2-update.win32_1.4.0.202007081208/tools/bin/../lib/gcc/arm-none-eabi/7.3.1/../../../../arm-none-eabi/lib/thumb/v7-m\libc_nano.a
LOAD c:/st/stm32cubeide_1.4.0/stm32cubeide/plugins/com.st.stm32cube.ide.mcu.externaltools.gnu-tools-for-stm32.7-2018-q2-update.win32_1.4.0.202007081208/tools/bin/../lib/gcc/arm-none-eabi/7.3.1/../../../../arm-none-eabi/lib/thumb/v7-m\libnosys.a
END GROUP
LOAD c:/st/stm32cubeide_1.4.0/stm32cubeide/plugins/com.st.stm32cube.ide.mcu.externaltools.gnu-tools-for-stm32.7-2018-q2-update.win32_1.4.0.202007081208/tools/bin/../lib/gcc/arm-none-eabi/7.3.1/thumb/v7-m/crtend.o
LOAD c:/st/stm32cubeide_1.4.0/stm32cubeide/plugins/com.st.stm32cube.ide.mcu.externaltools.gnu-tools-for-stm32.7-2018-q2-update.win32_1.4.0.202007081208/tools/bin/../lib/gcc/arm-none-eabi/7.3.1/thumb/v7-m/crtn.o
                0x0000000020002800                _estack = (ORIGIN (RAM) + LENGTH (RAM))
                0x0000000000000200                _Min_Heap_Size = 0x200
                0x0000000000000400                _Min_Stack_Size = 0x400

.isr_vector     0x0000000008000000      0x130
                0x0000000008000000                . = ALIGN (0x4)
 *(.isr_vector)
 .isr_vector    0x0000000008000000      0x130 Startup/startup_stm32f103c6tx.o
                0x0000000008000000                g_pfnVectors
                0x0000000008000130                . = ALIGN (0x4)

.text           0x0000000008000130     0x2168
                0x0000000008000130                . = ALIGN (0x4)
 *(.text)
 .text          0x0000000008000130       0x40 c:/st/stm32cubeide_1.4.0/stm32cubeide/plugins/com.st.stm32cube.ide.mcu.externaltools.gnu-tools-for-stm32.7-2018-q2-update.win32_1.4.0.202007081208/tools/bin/../lib/gcc/arm-none-eabi/7.3.1/thumb/v7-m/crtbegin.o
 *(.text*)
 .text.KEYPAD_init
                0x0000000008000170      0x118 HAL/KEYPAD_programming.o
                0x0000000008000170                KEYPAD_init
 .text.KEYPAD_GetKey
                0x0000000008000288       0xbc HAL/KEYPAD_programming.o
                0x0000000008000288                KEYPAD_GetKey
 .text.wait_ms  0x0000000008000344       0x38 HAL/LCD_Programme.o
                0x0000000008000344                wait_ms
 .text.LCD_EN_Pluse
                0x000000000800037c       0x36 HAL/LCD_Programme.o
                0x000000000800037c                LCD_EN_Pluse
 *fill*         0x00000000080003b2        0x2 
 .text.LCD_init
                0x00000000080003b4      0x160 HAL/LCD_Programme.o
                0x00000000080003b4                LCD_init
 .text.LCD_Is_Busy
                0x0000000008000514       0x9c HAL/LCD_Programme.o
                0x0000000008000514                LCD_Is_Busy
 .text.LCD_Send_Command
                0x00000000080005b0      0x10c HAL/LCD_Programme.o
                0x00000000080005b0                LCD_Send_Command
 .text.LCD_Send_Character
                0x00000000080006bc      0x106 HAL/LCD_Programme.o
                0x00000000080006bc                LCD_Send_Character
 .text.LCD_Send_string
                0x00000000080007c2       0x64 HAL/LCD_Programme.o
                0x00000000080007c2                LCD_Send_string
 .text.LCD_Clear_Screen
                0x0000000008000826       0x18 HAL/LCD_Programme.o
                0x0000000008000826                LCD_Clear_Screen
 .text.LCD_SET_Cursor
                0x000000000800083e       0x4e HAL/LCD_Programme.o
                0x000000000800083e                LCD_SET_Cursor
 .text.LCD_Display_Number
                0x000000000800088c       0x30 HAL/LCD_Programme.o
                0x000000000800088c                LCD_Display_Number
 .text.Servo_Motor_init
                0x00000000080008bc       0x2e HAL/srevo_motor.o
                0x00000000080008bc                Servo_Motor_init
 *fill*         0x00000000080008ea        0x2 
 .text.Servo_Motor
                0x00000000080008ec       0x6c HAL/srevo_motor.o
                0x00000000080008ec                Servo_Motor
 .text.Search_ID
                0x0000000008000958       0x48 Src/SCP_application.o
                0x0000000008000958                Search_ID
 .text.usart1_IRQ
                0x00000000080009a0       0x64 Src/SCP_application.o
                0x00000000080009a0                usart1_IRQ
 .text.usart2_IRQ
                0x0000000008000a04       0x64 Src/SCP_application.o
                0x0000000008000a04                usart2_IRQ
 .text.SCP_Init
                0x0000000008000a68      0x234 Src/SCP_application.o
                0x0000000008000a68                SCP_Init
 .text.SCP_Options
                0x0000000008000c9c       0x30 Src/SCP_application.o
                0x0000000008000c9c                SCP_Options
 .text.SCP_Add_ID
                0x0000000008000ccc      0x194 Src/SCP_application.o
                0x0000000008000ccc                SCP_Add_ID
 .text.SCP_Remove_ID
                0x0000000008000e60      0x1b4 Src/SCP_application.o
                0x0000000008000e60                SCP_Remove_ID
 .text.SCP_Entry_Process
                0x0000000008001014       0xd8 Src/SCP_application.o
                0x0000000008001014                SCP_Entry_Process
 .text.SCP_Exit_Process
                0x00000000080010ec       0x70 Src/SCP_application.o
                0x00000000080010ec                SCP_Exit_Process
 .text.clock_init
                0x000000000800115c       0x40 Src/main.o
                0x000000000800115c                clock_init
 .text.main     0x000000000800119c       0xa4 Src/main.o
                0x000000000800119c                main
 .text._sbrk    0x0000000008001240       0x6c Src/sysmem.o
                0x0000000008001240                _sbrk
 .text.Reset_Handler
                0x00000000080012ac       0x50 Startup/startup_stm32f103c6tx.o
                0x00000000080012ac                Reset_Handler
 .text.Default_Handler
                0x00000000080012fc        0x2 Startup/startup_stm32f103c6tx.o
                0x00000000080012fc                EXTI2_IRQHandler
                0x00000000080012fc                TIM8_TRG_COM_IRQHandler
                0x00000000080012fc                TIM8_CC_IRQHandler
                0x00000000080012fc                DebugMon_Handler
                0x00000000080012fc                TIM1_CC_IRQHandler
                0x00000000080012fc                HardFault_Handler
                0x00000000080012fc                TIM6_IRQHandler
                0x00000000080012fc                SysTick_Handler
                0x00000000080012fc                PVD_IRQHandler
                0x00000000080012fc                SDIO_IRQHandler
                0x00000000080012fc                PendSV_Handler
                0x00000000080012fc                NMI_Handler
                0x00000000080012fc                EXTI3_IRQHandler
                0x00000000080012fc                USB_HP_CAN_TX_IRQHandler
                0x00000000080012fc                EXTI0_IRQHandler
                0x00000000080012fc                I2C2_EV_IRQHandler
                0x00000000080012fc                UsageFault_Handler
                0x00000000080012fc                ADC1_2_IRQHandler
                0x00000000080012fc                CAN_SCE_IRQHandler
                0x00000000080012fc                TAMPER_IRQHandler
                0x00000000080012fc                TIM8_UP_IRQHandler
                0x00000000080012fc                DMA2_Channel2_IRQHandler
                0x00000000080012fc                DMA1_Channel4_IRQHandler
                0x00000000080012fc                RTC_IRQHandler
                0x00000000080012fc                DMA1_Channel7_IRQHandler
                0x00000000080012fc                UART5_IRQHandler
                0x00000000080012fc                ADC3_IRQHandler
                0x00000000080012fc                TIM4_IRQHandler
                0x00000000080012fc                CAN_RX1_IRQHandler
                0x00000000080012fc                DMA2_Channel1_IRQHandler
                0x00000000080012fc                I2C1_EV_IRQHandler
                0x00000000080012fc                DMA1_Channel6_IRQHandler
                0x00000000080012fc                UART4_IRQHandler
                0x00000000080012fc                TIM3_IRQHandler
                0x00000000080012fc                RCC_IRQHandler
                0x00000000080012fc                TIM1_TRG_COM_IRQHandler
                0x00000000080012fc                DMA1_Channel1_IRQHandler
                0x00000000080012fc                Default_Handler
                0x00000000080012fc                EXTI15_10_IRQHandler
                0x00000000080012fc                TIM7_IRQHandler
                0x00000000080012fc                TIM5_IRQHandler
                0x00000000080012fc                EXTI9_5_IRQHandler
                0x00000000080012fc                USB_LP_CAN_RX0_IRQHandler
                0x00000000080012fc                MemManage_Handler
                0x00000000080012fc                SVC_Handler
                0x00000000080012fc                DMA1_Channel5_IRQHandler
                0x00000000080012fc                EXTI4_IRQHandler
                0x00000000080012fc                DMA1_Channel3_IRQHandler
                0x00000000080012fc                FSMC_IRQHandler
                0x00000000080012fc                TIM1_UP_IRQHandler
                0x00000000080012fc                WWDG_IRQHandler
                0x00000000080012fc                TIM2_IRQHandler
                0x00000000080012fc                TIM1_BRK_IRQHandler
                0x00000000080012fc                EXTI1_IRQHandler
                0x00000000080012fc                RTCAlarm_IRQHandler
                0x00000000080012fc                DMA2_Channel4_5_IRQHandler
                0x00000000080012fc                I2C2_ER_IRQHandler
                0x00000000080012fc                DMA1_Channel2_IRQHandler
                0x00000000080012fc                TIM8_BRK_IRQHandler
                0x00000000080012fc                FLASH_IRQHandler
                0x00000000080012fc                BusFault_Handler
                0x00000000080012fc                SPI3_IRQHandler
                0x00000000080012fc                I2C1_ER_IRQHandler
                0x00000000080012fc                DMA2_Channel3_IRQHandler
 *fill*         0x00000000080012fe        0x2 
 .text.SPI1_IRQHandler
                0x0000000008001300       0x5c Stm32F103C6_Drivers/Stm32F103C8_SPI_Driver.o
                0x0000000008001300                SPI1_IRQHandler
 .text.SPI2_IRQHandler
                0x000000000800135c       0x5c Stm32F103C6_Drivers/Stm32F103C8_SPI_Driver.o
                0x000000000800135c                SPI2_IRQHandler
 .text.MCAL_RCC_GET_SYSCLK_Freq
                0x00000000080013b8       0x3c Stm32F103C6_Drivers/Stm32_F103C6_RCC_driver.o
                0x00000000080013b8                MCAL_RCC_GET_SYSCLK_Freq
 .text.MCAL_RCC_GET_PCLK1_Freq
                0x00000000080013f4       0x28 Stm32F103C6_Drivers/Stm32_F103C6_RCC_driver.o
                0x00000000080013f4                MCAL_RCC_GET_PCLK1_Freq
 .text.MCAL_RCC_GET_PCLK2_Freq
                0x000000000800141c       0x28 Stm32F103C6_Drivers/Stm32_F103C6_RCC_driver.o
                0x000000000800141c                MCAL_RCC_GET_PCLK2_Freq
 .text.MCAL_UART_Init
                0x0000000008001444      0x1b0 Stm32F103C6_Drivers/Stm32_F103C6_UART_driver.o
                0x0000000008001444                MCAL_UART_Init
 .text.MCAL_UART_GPIO_Set_Pins
                0x00000000080015f4       0xc4 Stm32F103C6_Drivers/Stm32_F103C6_UART_driver.o
                0x00000000080015f4                MCAL_UART_GPIO_Set_Pins
 .text.MCAL_UART_ReceiveData
                0x00000000080016b8       0xec Stm32F103C6_Drivers/Stm32_F103C6_UART_driver.o
                0x00000000080016b8                MCAL_UART_ReceiveData
 .text.USART1_IRQHandler
                0x00000000080017a4       0x14 Stm32F103C6_Drivers/Stm32_F103C6_UART_driver.o
                0x00000000080017a4                USART1_IRQHandler
 .text.USART2_IRQHandler
                0x00000000080017b8       0x14 Stm32F103C6_Drivers/Stm32_F103C6_UART_driver.o
                0x00000000080017b8                USART2_IRQHandler
 .text.USART3_IRQHandler
                0x00000000080017cc       0x14 Stm32F103C6_Drivers/Stm32_F103C6_UART_driver.o
                0x00000000080017cc                USART3_IRQHandler
 .text.MCAL_GPIO_Init
                0x00000000080017e0      0x104 Stm32F103C6_Drivers/Stm32_F103C6_gpio_driver.o
                0x00000000080017e0                MCAL_GPIO_Init
 .text.MCAL_GPIO_ReadPin
                0x00000000080018e4       0x34 Stm32F103C6_Drivers/Stm32_F103C6_gpio_driver.o
                0x00000000080018e4                MCAL_GPIO_ReadPin
 .text.MCAL_GPIO_WritePin
                0x0000000008001918       0x48 Stm32F103C6_Drivers/Stm32_F103C6_gpio_driver.o
                0x0000000008001918                MCAL_GPIO_WritePin
 .text.Timer2_init
                0x0000000008001960       0x50 Stm32F103C6_Drivers/Timer.o
                0x0000000008001960                Timer2_init
 .text.dus      0x00000000080019b0       0x28 Stm32F103C6_Drivers/Timer.o
                0x00000000080019b0                dus
 .text.dms      0x00000000080019d8       0x30 Stm32F103C6_Drivers/Timer.o
                0x00000000080019d8                dms
 .text.__errno  0x0000000008001a08        0xc c:/st/stm32cubeide_1.4.0/stm32cubeide/plugins/com.st.stm32cube.ide.mcu.externaltools.gnu-tools-for-stm32.7-2018-q2-update.win32_1.4.0.202007081208/tools/bin/../lib/gcc/arm-none-eabi/7.3.1/../../../../arm-none-eabi/lib/thumb/v7-m\libc_nano.a(lib_a-errno.o)
                0x0000000008001a08                __errno
 .text.__libc_init_array
                0x0000000008001a14       0x48 c:/st/stm32cubeide_1.4.0/stm32cubeide/plugins/com.st.stm32cube.ide.mcu.externaltools.gnu-tools-for-stm32.7-2018-q2-update.win32_1.4.0.202007081208/tools/bin/../lib/gcc/arm-none-eabi/7.3.1/../../../../arm-none-eabi/lib/thumb/v7-m\libc_nano.a(lib_a-init.o)
                0x0000000008001a14                __libc_init_array
 .text.sprintf  0x0000000008001a5c       0x40 c:/st/stm32cubeide_1.4.0/stm32cubeide/plugins/com.st.stm32cube.ide.mcu.externaltools.gnu-tools-for-stm32.7-2018-q2-update.win32_1.4.0.202007081208/tools/bin/../lib/gcc/arm-none-eabi/7.3.1/../../../../arm-none-eabi/lib/thumb/v7-m\libc_nano.a(lib_a-sprintf.o)
                0x0000000008001a5c                siprintf
                0x0000000008001a5c                sprintf
 .text.__ssputs_r
                0x0000000008001a9c       0xb4 c:/st/stm32cubeide_1.4.0/stm32cubeide/plugins/com.st.stm32cube.ide.mcu.externaltools.gnu-tools-for-stm32.7-2018-q2-update.win32_1.4.0.202007081208/tools/bin/../lib/gcc/arm-none-eabi/7.3.1/../../../../arm-none-eabi/lib/thumb/v7-m\libc_nano.a(lib_a-nano-svfprintf.o)
                0x0000000008001a9c                __ssputs_r
 .text._svfprintf_r
                0x0000000008001b50      0x1f0 c:/st/stm32cubeide_1.4.0/stm32cubeide/plugins/com.st.stm32cube.ide.mcu.externaltools.gnu-tools-for-stm32.7-2018-q2-update.win32_1.4.0.202007081208/tools/bin/../lib/gcc/arm-none-eabi/7.3.1/../../../../arm-none-eabi/lib/thumb/v7-m\libc_nano.a(lib_a-nano-svfprintf.o)
                0x0000000008001b50                _svfiprintf_r
                0x0000000008001b50                _svfprintf_r
 .text._printf_common
                0x0000000008001d40       0xec c:/st/stm32cubeide_1.4.0/stm32cubeide/plugins/com.st.stm32cube.ide.mcu.externaltools.gnu-tools-for-stm32.7-2018-q2-update.win32_1.4.0.202007081208/tools/bin/../lib/gcc/arm-none-eabi/7.3.1/../../../../arm-none-eabi/lib/thumb/v7-m\libc_nano.a(lib_a-nano-vfprintf_i.o)
                0x0000000008001d40                _printf_common
 .text._printf_i
                0x0000000008001e2c      0x224 c:/st/stm32cubeide_1.4.0/stm32cubeide/plugins/com.st.stm32cube.ide.mcu.externaltools.gnu-tools-for-stm32.7-2018-q2-update.win32_1.4.0.202007081208/tools/bin/../lib/gcc/arm-none-eabi/7.3.1/../../../../arm-none-eabi/lib/thumb/v7-m\libc_nano.a(lib_a-nano-vfprintf_i.o)
                0x0000000008001e2c                _printf_i
 .text.memchr   0x0000000008002050       0x1c c:/st/stm32cubeide_1.4.0/stm32cubeide/plugins/com.st.stm32cube.ide.mcu.externaltools.gnu-tools-for-stm32.7-2018-q2-update.win32_1.4.0.202007081208/tools/bin/../lib/gcc/arm-none-eabi/7.3.1/../../../../arm-none-eabi/lib/thumb/v7-m\libc_nano.a(lib_a-memchr-stub.o)
                0x0000000008002050                memchr
 .text.memcpy   0x000000000800206c       0x16 c:/st/stm32cubeide_1.4.0/stm32cubeide/plugins/com.st.stm32cube.ide.mcu.externaltools.gnu-tools-for-stm32.7-2018-q2-update.win32_1.4.0.202007081208/tools/bin/../lib/gcc/arm-none-eabi/7.3.1/../../../../arm-none-eabi/lib/thumb/v7-m\libc_nano.a(lib_a-memcpy-stub.o)
                0x000000000800206c                memcpy
 .text.memmove  0x0000000008002082       0x32 c:/st/stm32cubeide_1.4.0/stm32cubeide/plugins/com.st.stm32cube.ide.mcu.externaltools.gnu-tools-for-stm32.7-2018-q2-update.win32_1.4.0.202007081208/tools/bin/../lib/gcc/arm-none-eabi/7.3.1/../../../../arm-none-eabi/lib/thumb/v7-m\libc_nano.a(lib_a-memmove.o)
                0x0000000008002082                memmove
 .text._free_r  0x00000000080020b4       0x98 c:/st/stm32cubeide_1.4.0/stm32cubeide/plugins/com.st.stm32cube.ide.mcu.externaltools.gnu-tools-for-stm32.7-2018-q2-update.win32_1.4.0.202007081208/tools/bin/../lib/gcc/arm-none-eabi/7.3.1/../../../../arm-none-eabi/lib/thumb/v7-m\libc_nano.a(lib_a-nano-freer.o)
                0x00000000080020b4                _free_r
 .text._malloc_r
                0x000000000800214c       0xb4 c:/st/stm32cubeide_1.4.0/stm32cubeide/plugins/com.st.stm32cube.ide.mcu.externaltools.gnu-tools-for-stm32.7-2018-q2-update.win32_1.4.0.202007081208/tools/bin/../lib/gcc/arm-none-eabi/7.3.1/../../../../arm-none-eabi/lib/thumb/v7-m\libc_nano.a(lib_a-nano-mallocr.o)
                0x000000000800214c                _malloc_r
 .text._realloc_r
                0x0000000008002200       0x4c c:/st/stm32cubeide_1.4.0/stm32cubeide/plugins/com.st.stm32cube.ide.mcu.externaltools.gnu-tools-for-stm32.7-2018-q2-update.win32_1.4.0.202007081208/tools/bin/../lib/gcc/arm-none-eabi/7.3.1/../../../../arm-none-eabi/lib/thumb/v7-m\libc_nano.a(lib_a-nano-reallocr.o)
                0x0000000008002200                _realloc_r
 .text._sbrk_r  0x000000000800224c       0x20 c:/st/stm32cubeide_1.4.0/stm32cubeide/plugins/com.st.stm32cube.ide.mcu.externaltools.gnu-tools-for-stm32.7-2018-q2-update.win32_1.4.0.202007081208/tools/bin/../lib/gcc/arm-none-eabi/7.3.1/../../../../arm-none-eabi/lib/thumb/v7-m\libc_nano.a(lib_a-sbrkr.o)
                0x000000000800224c                _sbrk_r
 .text.__malloc_lock
                0x000000000800226c        0x2 c:/st/stm32cubeide_1.4.0/stm32cubeide/plugins/com.st.stm32cube.ide.mcu.externaltools.gnu-tools-for-stm32.7-2018-q2-update.win32_1.4.0.202007081208/tools/bin/../lib/gcc/arm-none-eabi/7.3.1/../../../../arm-none-eabi/lib/thumb/v7-m\libc_nano.a(lib_a-mlock.o)
                0x000000000800226c                __malloc_lock
 .text.__malloc_unlock
                0x000000000800226e        0x2 c:/st/stm32cubeide_1.4.0/stm32cubeide/plugins/com.st.stm32cube.ide.mcu.externaltools.gnu-tools-for-stm32.7-2018-q2-update.win32_1.4.0.202007081208/tools/bin/../lib/gcc/arm-none-eabi/7.3.1/../../../../arm-none-eabi/lib/thumb/v7-m\libc_nano.a(lib_a-mlock.o)
                0x000000000800226e                __malloc_unlock
 .text._malloc_usable_size_r
                0x0000000008002270       0x10 c:/st/stm32cubeide_1.4.0/stm32cubeide/plugins/com.st.stm32cube.ide.mcu.externaltools.gnu-tools-for-stm32.7-2018-q2-update.win32_1.4.0.202007081208/tools/bin/../lib/gcc/arm-none-eabi/7.3.1/../../../../arm-none-eabi/lib/thumb/v7-m\libc_nano.a(lib_a-nano-msizer.o)
                0x0000000008002270                _malloc_usable_size_r
 *(.glue_7)
 .glue_7        0x0000000008002280        0x0 linker stubs
 *(.glue_7t)
 .glue_7t       0x0000000008002280        0x0 linker stubs
 *(.eh_frame)
 .eh_frame      0x0000000008002280        0x0 c:/st/stm32cubeide_1.4.0/stm32cubeide/plugins/com.st.stm32cube.ide.mcu.externaltools.gnu-tools-for-stm32.7-2018-q2-update.win32_1.4.0.202007081208/tools/bin/../lib/gcc/arm-none-eabi/7.3.1/thumb/v7-m/crtbegin.o
 *(.init)
 .init          0x0000000008002280        0x4 c:/st/stm32cubeide_1.4.0/stm32cubeide/plugins/com.st.stm32cube.ide.mcu.externaltools.gnu-tools-for-stm32.7-2018-q2-update.win32_1.4.0.202007081208/tools/bin/../lib/gcc/arm-none-eabi/7.3.1/thumb/v7-m/crti.o
                0x0000000008002280                _init
 .init          0x0000000008002284        0x8 c:/st/stm32cubeide_1.4.0/stm32cubeide/plugins/com.st.stm32cube.ide.mcu.externaltools.gnu-tools-for-stm32.7-2018-q2-update.win32_1.4.0.202007081208/tools/bin/../lib/gcc/arm-none-eabi/7.3.1/thumb/v7-m/crtn.o
 *(.fini)
 .fini          0x000000000800228c        0x4 c:/st/stm32cubeide_1.4.0/stm32cubeide/plugins/com.st.stm32cube.ide.mcu.externaltools.gnu-tools-for-stm32.7-2018-q2-update.win32_1.4.0.202007081208/tools/bin/../lib/gcc/arm-none-eabi/7.3.1/thumb/v7-m/crti.o
                0x000000000800228c                _fini
 .fini          0x0000000008002290        0x8 c:/st/stm32cubeide_1.4.0/stm32cubeide/plugins/com.st.stm32cube.ide.mcu.externaltools.gnu-tools-for-stm32.7-2018-q2-update.win32_1.4.0.202007081208/tools/bin/../lib/gcc/arm-none-eabi/7.3.1/thumb/v7-m/crtn.o
                0x0000000008002298                . = ALIGN (0x4)
                0x0000000008002298                _etext = .

.vfp11_veneer   0x0000000008002298        0x0
 .vfp11_veneer  0x0000000008002298        0x0 linker stubs

.v4_bx          0x0000000008002298        0x0
 .v4_bx         0x0000000008002298        0x0 linker stubs

.iplt           0x0000000008002298        0x0
 .iplt          0x0000000008002298        0x0 c:/st/stm32cubeide_1.4.0/stm32cubeide/plugins/com.st.stm32cube.ide.mcu.externaltools.gnu-tools-for-stm32.7-2018-q2-update.win32_1.4.0.202007081208/tools/bin/../lib/gcc/arm-none-eabi/7.3.1/thumb/v7-m/crtbegin.o

.rodata         0x0000000008002298      0x21c
                0x0000000008002298                . = ALIGN (0x4)
 *(.rodata)
 .rodata        0x0000000008002298       0x16 HAL/LCD_Programme.o
 *fill*         0x00000000080022ae        0x2 
 .rodata        0x00000000080022b0      0x1b6 Src/SCP_application.o
 *fill*         0x0000000008002466        0x2 
 .rodata        0x0000000008002468       0x10 Src/main.o
 *(.rodata*)
 .rodata.APBPrescTable
                0x0000000008002478        0x8 Stm32F103C6_Drivers/Stm32_F103C6_RCC_driver.o
                0x0000000008002478                APBPrescTable
 .rodata._svfprintf_r.str1.1
                0x0000000008002480       0x11 c:/st/stm32cubeide_1.4.0/stm32cubeide/plugins/com.st.stm32cube.ide.mcu.externaltools.gnu-tools-for-stm32.7-2018-q2-update.win32_1.4.0.202007081208/tools/bin/../lib/gcc/arm-none-eabi/7.3.1/../../../../arm-none-eabi/lib/thumb/v7-m\libc_nano.a(lib_a-nano-svfprintf.o)
 .rodata._printf_i.str1.1
                0x0000000008002491       0x22 c:/st/stm32cubeide_1.4.0/stm32cubeide/plugins/com.st.stm32cube.ide.mcu.externaltools.gnu-tools-for-stm32.7-2018-q2-update.win32_1.4.0.202007081208/tools/bin/../lib/gcc/arm-none-eabi/7.3.1/../../../../arm-none-eabi/lib/thumb/v7-m\libc_nano.a(lib_a-nano-vfprintf_i.o)
                0x00000000080024b4                . = ALIGN (0x4)
 *fill*         0x00000000080024b3        0x1 

.rel.dyn        0x00000000080024b4        0x0
 .rel.iplt      0x00000000080024b4        0x0 c:/st/stm32cubeide_1.4.0/stm32cubeide/plugins/com.st.stm32cube.ide.mcu.externaltools.gnu-tools-for-stm32.7-2018-q2-update.win32_1.4.0.202007081208/tools/bin/../lib/gcc/arm-none-eabi/7.3.1/thumb/v7-m/crtbegin.o

.ARM.extab      0x00000000080024b4        0x0
                0x00000000080024b4                . = ALIGN (0x4)
 *(.ARM.extab* .gnu.linkonce.armextab.*)
                0x00000000080024b4                . = ALIGN (0x4)

.ARM            0x00000000080024b4        0x0
                0x00000000080024b4                . = ALIGN (0x4)
                0x00000000080024b4                __exidx_start = .
 *(.ARM.exidx*)
                0x00000000080024b4                __exidx_end = .
                0x00000000080024b4                . = ALIGN (0x4)

.preinit_array  0x00000000080024b4        0x0
                0x00000000080024b4                . = ALIGN (0x4)
                0x00000000080024b4                PROVIDE (__preinit_array_start = .)
 *(.preinit_array*)
                0x00000000080024b4                PROVIDE (__preinit_array_end = .)
                0x00000000080024b4                . = ALIGN (0x4)

.init_array     0x00000000080024b4        0x4
                0x00000000080024b4                . = ALIGN (0x4)
                0x00000000080024b4                PROVIDE (__init_array_start = .)
 *(SORT_BY_NAME(.init_array.*))
 *(.init_array*)
 .init_array    0x00000000080024b4        0x4 c:/st/stm32cubeide_1.4.0/stm32cubeide/plugins/com.st.stm32cube.ide.mcu.externaltools.gnu-tools-for-stm32.7-2018-q2-update.win32_1.4.0.202007081208/tools/bin/../lib/gcc/arm-none-eabi/7.3.1/thumb/v7-m/crtbegin.o
                0x00000000080024b8                PROVIDE (__init_array_end = .)
                0x00000000080024b8                . = ALIGN (0x4)

.fini_array     0x00000000080024b8        0x4
                0x00000000080024b8                . = ALIGN (0x4)
                [!provide]                        PROVIDE (__fini_array_start = .)
 *(SORT_BY_NAME(.fini_array.*))
 *(.fini_array*)
 .fini_array    0x00000000080024b8        0x4 c:/st/stm32cubeide_1.4.0/stm32cubeide/plugins/com.st.stm32cube.ide.mcu.externaltools.gnu-tools-for-stm32.7-2018-q2-update.win32_1.4.0.202007081208/tools/bin/../lib/gcc/arm-none-eabi/7.3.1/thumb/v7-m/crtbegin.o
                [!provide]                        PROVIDE (__fini_array_end = .)
                0x00000000080024bc                . = ALIGN (0x4)
                0x00000000080024bc                _sidata = LOADADDR (.data)

.data           0x0000000020000000       0xb0 load address 0x00000000080024bc
                0x0000000020000000                . = ALIGN (0x4)
                0x0000000020000000                _sdata = .
 *(.data)
 *(.data*)
 .data.KEYPAD_ROW
                0x0000000020000000        0x4 HAL/KEYPAD_programming.o
                0x0000000020000000                KEYPAD_ROW
 .data.KEYPAD_COLUM
                0x0000000020000004        0x3 HAL/KEYPAD_programming.o
                0x0000000020000004                KEYPAD_COLUM
 *fill*         0x0000000020000007        0x1 
 .data.keys     0x0000000020000008        0xc HAL/KEYPAD_programming.o
                0x0000000020000008                keys
 .data.servo1   0x0000000020000014        0x8 Src/SCP_application.o
                0x0000000020000014                servo1
 .data.servo2   0x000000002000001c        0x8 Src/SCP_application.o
                0x000000002000001c                servo2
 .data.lcd1     0x0000000020000024       0x14 Src/SCP_application.o
                0x0000000020000024                lcd1
 .data.lcd2     0x0000000020000038       0x14 Src/SCP_application.o
                0x0000000020000038                lcd2
 .data._impure_ptr
                0x000000002000004c        0x4 c:/st/stm32cubeide_1.4.0/stm32cubeide/plugins/com.st.stm32cube.ide.mcu.externaltools.gnu-tools-for-stm32.7-2018-q2-update.win32_1.4.0.202007081208/tools/bin/../lib/gcc/arm-none-eabi/7.3.1/../../../../arm-none-eabi/lib/thumb/v7-m\libc_nano.a(lib_a-impure.o)
                0x000000002000004c                _impure_ptr
 .data.impure_data
                0x0000000020000050       0x60 c:/st/stm32cubeide_1.4.0/stm32cubeide/plugins/com.st.stm32cube.ide.mcu.externaltools.gnu-tools-for-stm32.7-2018-q2-update.win32_1.4.0.202007081208/tools/bin/../lib/gcc/arm-none-eabi/7.3.1/../../../../arm-none-eabi/lib/thumb/v7-m\libc_nano.a(lib_a-impure.o)
                0x00000000200000b0                . = ALIGN (0x4)
                0x00000000200000b0                _edata = .

.igot.plt       0x00000000200000b0        0x0 load address 0x000000000800256c
 .igot.plt      0x00000000200000b0        0x0 c:/st/stm32cubeide_1.4.0/stm32cubeide/plugins/com.st.stm32cube.ide.mcu.externaltools.gnu-tools-for-stm32.7-2018-q2-update.win32_1.4.0.202007081208/tools/bin/../lib/gcc/arm-none-eabi/7.3.1/thumb/v7-m/crtbegin.o
                0x00000000200000b0                . = ALIGN (0x4)

.bss            0x00000000200000b0      0x150 load address 0x000000000800256c
                0x00000000200000b0                _sbss = .
                0x00000000200000b0                __bss_start__ = _sbss
 *(.bss)
 .bss           0x00000000200000b0       0x1c c:/st/stm32cubeide_1.4.0/stm32cubeide/plugins/com.st.stm32cube.ide.mcu.externaltools.gnu-tools-for-stm32.7-2018-q2-update.win32_1.4.0.202007081208/tools/bin/../lib/gcc/arm-none-eabi/7.3.1/thumb/v7-m/crtbegin.o
 *(.bss*)
 .bss.__sbrk_heap_end
                0x00000000200000cc        0x4 Src/sysmem.o
 .bss.__malloc_free_list
                0x00000000200000d0        0x4 c:/st/stm32cubeide_1.4.0/stm32cubeide/plugins/com.st.stm32cube.ide.mcu.externaltools.gnu-tools-for-stm32.7-2018-q2-update.win32_1.4.0.202007081208/tools/bin/../lib/gcc/arm-none-eabi/7.3.1/../../../../arm-none-eabi/lib/thumb/v7-m\libc_nano.a(lib_a-nano-mallocr.o)
                0x00000000200000d0                __malloc_free_list
 .bss.__malloc_sbrk_start
                0x00000000200000d4        0x4 c:/st/stm32cubeide_1.4.0/stm32cubeide/plugins/com.st.stm32cube.ide.mcu.externaltools.gnu-tools-for-stm32.7-2018-q2-update.win32_1.4.0.202007081208/tools/bin/../lib/gcc/arm-none-eabi/7.3.1/../../../../arm-none-eabi/lib/thumb/v7-m\libc_nano.a(lib_a-nano-mallocr.o)
                0x00000000200000d4                __malloc_sbrk_start
 *(COMMON)
 COMMON         0x00000000200000d8        0x3 HAL/KEYPAD_programming.o
                0x00000000200000d8                pinconfg
 *fill*         0x00000000200000db        0x1 
 COMMON         0x00000000200000dc        0x3 HAL/LCD_Programme.o
                0x00000000200000dc                pincofg
 *fill*         0x00000000200000df        0x1 
 COMMON         0x00000000200000e0       0xd8 Src/SCP_application.o
                0x00000000200000e0                exit_RX
                0x00000000200000e2                avalible_slots
                0x00000000200000e4                Entry_id
                0x00000000200000e8                Exit_id
                0x00000000200000ec                last_id_index
                0x00000000200000ed                slots_number
                0x00000000200000ee                enter_RX
                0x00000000200000f0                IDs_Container
 COMMON         0x00000000200001b8        0x8 Stm32F103C6_Drivers/Stm32F103C8_SPI_Driver.o
                0x00000000200001b8                G_SPI_Cfg
 COMMON         0x00000000200001c0       0x3c Stm32F103C6_Drivers/Stm32_F103C6_UART_driver.o
                0x00000000200001c0                G_UART_Config
 COMMON         0x00000000200001fc        0x4 c:/st/stm32cubeide_1.4.0/stm32cubeide/plugins/com.st.stm32cube.ide.mcu.externaltools.gnu-tools-for-stm32.7-2018-q2-update.win32_1.4.0.202007081208/tools/bin/../lib/gcc/arm-none-eabi/7.3.1/../../../../arm-none-eabi/lib/thumb/v7-m\libc_nano.a(lib_a-reent.o)
                0x00000000200001fc                errno
                0x0000000020000200                . = ALIGN (0x4)
                0x0000000020000200                _ebss = .
                0x0000000020000200                __bss_end__ = _ebss

._user_heap_stack
                0x0000000020000200      0x600 load address 0x000000000800256c
                0x0000000020000200                . = ALIGN (0x8)
                [!provide]                        PROVIDE (end = .)
                0x0000000020000200                PROVIDE (_end = .)
                0x0000000020000400                . = (. + _Min_Heap_Size)
 *fill*         0x0000000020000200      0x200 
                0x0000000020000800                . = (. + _Min_Stack_Size)
 *fill*         0x0000000020000400      0x400 
                0x0000000020000800                . = ALIGN (0x8)

/DISCARD/
 libc.a(*)
 libm.a(*)
 libgcc.a(*)

.ARM.attributes
                0x0000000000000000       0x29
 *(.ARM.attributes)
 .ARM.attributes
                0x0000000000000000       0x1d c:/st/stm32cubeide_1.4.0/stm32cubeide/plugins/com.st.stm32cube.ide.mcu.externaltools.gnu-tools-for-stm32.7-2018-q2-update.win32_1.4.0.202007081208/tools/bin/../lib/gcc/arm-none-eabi/7.3.1/thumb/v7-m/crti.o
 .ARM.attributes
                0x000000000000001d       0x2d c:/st/stm32cubeide_1.4.0/stm32cubeide/plugins/com.st.stm32cube.ide.mcu.externaltools.gnu-tools-for-stm32.7-2018-q2-update.win32_1.4.0.202007081208/tools/bin/../lib/gcc/arm-none-eabi/7.3.1/thumb/v7-m/crtbegin.o
 .ARM.attributes
                0x000000000000004a       0x33 HAL/KEYPAD_programming.o
 .ARM.attributes
                0x000000000000007d       0x33 HAL/LCD_Programme.o
 .ARM.attributes
                0x00000000000000b0       0x33 HAL/srevo_motor.o
 .ARM.attributes
                0x00000000000000e3       0x33 Src/SCP_application.o
 .ARM.attributes
                0x0000000000000116       0x33 Src/main.o
 .ARM.attributes
                0x0000000000000149       0x33 Src/sysmem.o
 .ARM.attributes
                0x000000000000017c       0x21 Startup/startup_stm32f103c6tx.o
 .ARM.attributes
                0x000000000000019d       0x33 Stm32F103C6_Drivers/Stm32F103C8_SPI_Driver.o
 .ARM.attributes
                0x00000000000001d0       0x33 Stm32F103C6_Drivers/Stm32_F103C6_RCC_driver.o
 .ARM.attributes
                0x0000000000000203       0x33 Stm32F103C6_Drivers/Stm32_F103C6_UART_driver.o
 .ARM.attributes
                0x0000000000000236       0x33 Stm32F103C6_Drivers/Stm32_F103C6_gpio_driver.o
 .ARM.attributes
                0x0000000000000269       0x33 Stm32F103C6_Drivers/Timer.o
 .ARM.attributes
                0x000000000000029c       0x2d c:/st/stm32cubeide_1.4.0/stm32cubeide/plugins/com.st.stm32cube.ide.mcu.externaltools.gnu-tools-for-stm32.7-2018-q2-update.win32_1.4.0.202007081208/tools/bin/../lib/gcc/arm-none-eabi/7.3.1/../../../../arm-none-eabi/lib/thumb/v7-m\libc_nano.a(lib_a-errno.o)
 .ARM.attributes
                0x00000000000002c9       0x2d c:/st/stm32cubeide_1.4.0/stm32cubeide/plugins/com.st.stm32cube.ide.mcu.externaltools.gnu-tools-for-stm32.7-2018-q2-update.win32_1.4.0.202007081208/tools/bin/../lib/gcc/arm-none-eabi/7.3.1/../../../../arm-none-eabi/lib/thumb/v7-m\libc_nano.a(lib_a-impure.o)
 .ARM.attributes
                0x00000000000002f6       0x2d c:/st/stm32cubeide_1.4.0/stm32cubeide/plugins/com.st.stm32cube.ide.mcu.externaltools.gnu-tools-for-stm32.7-2018-q2-update.win32_1.4.0.202007081208/tools/bin/../lib/gcc/arm-none-eabi/7.3.1/../../../../arm-none-eabi/lib/thumb/v7-m\libc_nano.a(lib_a-init.o)
 .ARM.attributes
                0x0000000000000323       0x2d c:/st/stm32cubeide_1.4.0/stm32cubeide/plugins/com.st.stm32cube.ide.mcu.externaltools.gnu-tools-for-stm32.7-2018-q2-update.win32_1.4.0.202007081208/tools/bin/../lib/gcc/arm-none-eabi/7.3.1/../../../../arm-none-eabi/lib/thumb/v7-m\libc_nano.a(lib_a-sprintf.o)
 .ARM.attributes
                0x0000000000000350       0x2d c:/st/stm32cubeide_1.4.0/stm32cubeide/plugins/com.st.stm32cube.ide.mcu.externaltools.gnu-tools-for-stm32.7-2018-q2-update.win32_1.4.0.202007081208/tools/bin/../lib/gcc/arm-none-eabi/7.3.1/../../../../arm-none-eabi/lib/thumb/v7-m\libc_nano.a(lib_a-nano-svfprintf.o)
 .ARM.attributes
                0x000000000000037d       0x2d c:/st/stm32cubeide_1.4.0/stm32cubeide/plugins/com.st.stm32cube.ide.mcu.externaltools.gnu-tools-for-stm32.7-2018-q2-update.win32_1.4.0.202007081208/tools/bin/../lib/gcc/arm-none-eabi/7.3.1/../../../../arm-none-eabi/lib/thumb/v7-m\libc_nano.a(lib_a-nano-vfprintf_i.o)
 .ARM.attributes
                0x00000000000003aa       0x2d c:/st/stm32cubeide_1.4.0/stm32cubeide/plugins/com.st.stm32cube.ide.mcu.externaltools.gnu-tools-for-stm32.7-2018-q2-update.win32_1.4.0.202007081208/tools/bin/../lib/gcc/arm-none-eabi/7.3.1/../../../../arm-none-eabi/lib/thumb/v7-m\libc_nano.a(lib_a-memchr-stub.o)
 .ARM.attributes
                0x00000000000003d7       0x2d c:/st/stm32cubeide_1.4.0/stm32cubeide/plugins/com.st.stm32cube.ide.mcu.externaltools.gnu-tools-for-stm32.7-2018-q2-update.win32_1.4.0.202007081208/tools/bin/../lib/gcc/arm-none-eabi/7.3.1/../../../../arm-none-eabi/lib/thumb/v7-m\libc_nano.a(lib_a-memcpy-stub.o)
 .ARM.attributes
                0x0000000000000404       0x2d c:/st/stm32cubeide_1.4.0/stm32cubeide/plugins/com.st.stm32cube.ide.mcu.externaltools.gnu-tools-for-stm32.7-2018-q2-update.win32_1.4.0.202007081208/tools/bin/../lib/gcc/arm-none-eabi/7.3.1/../../../../arm-none-eabi/lib/thumb/v7-m\libc_nano.a(lib_a-memmove.o)
 .ARM.attributes
                0x0000000000000431       0x2d c:/st/stm32cubeide_1.4.0/stm32cubeide/plugins/com.st.stm32cube.ide.mcu.externaltools.gnu-tools-for-stm32.7-2018-q2-update.win32_1.4.0.202007081208/tools/bin/../lib/gcc/arm-none-eabi/7.3.1/../../../../arm-none-eabi/lib/thumb/v7-m\libc_nano.a(lib_a-nano-freer.o)
 .ARM.attributes
                0x000000000000045e       0x2d c:/st/stm32cubeide_1.4.0/stm32cubeide/plugins/com.st.stm32cube.ide.mcu.externaltools.gnu-tools-for-stm32.7-2018-q2-update.win32_1.4.0.202007081208/tools/bin/../lib/gcc/arm-none-eabi/7.3.1/../../../../arm-none-eabi/lib/thumb/v7-m\libc_nano.a(lib_a-nano-mallocr.o)
 .ARM.attributes
                0x000000000000048b       0x2d c:/st/stm32cubeide_1.4.0/stm32cubeide/plugins/com.st.stm32cube.ide.mcu.externaltools.gnu-tools-for-stm32.7-2018-q2-update.win32_1.4.0.202007081208/tools/bin/../lib/gcc/arm-none-eabi/7.3.1/../../../../arm-none-eabi/lib/thumb/v7-m\libc_nano.a(lib_a-nano-reallocr.o)
 .ARM.attributes
                0x00000000000004b8       0x2d c:/st/stm32cubeide_1.4.0/stm32cubeide/plugins/com.st.stm32cube.ide.mcu.externaltools.gnu-tools-for-stm32.7-2018-q2-update.win32_1.4.0.202007081208/tools/bin/../lib/gcc/arm-none-eabi/7.3.1/../../../../arm-none-eabi/lib/thumb/v7-m\libc_nano.a(lib_a-sbrkr.o)
 .ARM.attributes
                0x00000000000004e5       0x2d c:/st/stm32cubeide_1.4.0/stm32cubeide/plugins/com.st.stm32cube.ide.mcu.externaltools.gnu-tools-for-stm32.7-2018-q2-update.win32_1.4.0.202007081208/tools/bin/../lib/gcc/arm-none-eabi/7.3.1/../../../../arm-none-eabi/lib/thumb/v7-m\libc_nano.a(lib_a-mlock.o)
 .ARM.attributes
                0x0000000000000512       0x2d c:/st/stm32cubeide_1.4.0/stm32cubeide/plugins/com.st.stm32cube.ide.mcu.externaltools.gnu-tools-for-stm32.7-2018-q2-update.win32_1.4.0.202007081208/tools/bin/../lib/gcc/arm-none-eabi/7.3.1/../../../../arm-none-eabi/lib/thumb/v7-m\libc_nano.a(lib_a-nano-msizer.o)
 .ARM.attributes
                0x000000000000053f       0x2d c:/st/stm32cubeide_1.4.0/stm32cubeide/plugins/com.st.stm32cube.ide.mcu.externaltools.gnu-tools-for-stm32.7-2018-q2-update.win32_1.4.0.202007081208/tools/bin/../lib/gcc/arm-none-eabi/7.3.1/../../../../arm-none-eabi/lib/thumb/v7-m\libc_nano.a(lib_a-reent.o)
 .ARM.attributes
                0x000000000000056c       0x1d c:/st/stm32cubeide_1.4.0/stm32cubeide/plugins/com.st.stm32cube.ide.mcu.externaltools.gnu-tools-for-stm32.7-2018-q2-update.win32_1.4.0.202007081208/tools/bin/../lib/gcc/arm-none-eabi/7.3.1/thumb/v7-m/crtn.o
OUTPUT(SPI_test.elf elf32-littlearm)

.debug_info     0x0000000000000000     0x2fc0
 .debug_info    0x0000000000000000      0x22b HAL/KEYPAD_programming.o
 .debug_info    0x000000000000022b      0x568 HAL/LCD_Programme.o
 .debug_info    0x0000000000000793      0x20b HAL/srevo_motor.o
 .debug_info    0x000000000000099e      0x630 Src/SCP_application.o
 .debug_info    0x0000000000000fce      0x2f5 Src/main.o
 .debug_info    0x00000000000012c3      0xa7c Src/sysmem.o
 .debug_info    0x0000000000001d3f       0x22 Startup/startup_stm32f103c6tx.o
 .debug_info    0x0000000000001d61      0x5e3 Stm32F103C6_Drivers/Stm32F103C8_SPI_Driver.o
 .debug_info    0x0000000000002344      0x217 Stm32F103C6_Drivers/Stm32_F103C6_RCC_driver.o
 .debug_info    0x000000000000255b      0x523 Stm32F103C6_Drivers/Stm32_F103C6_UART_driver.o
 .debug_info    0x0000000000002a7e      0x446 Stm32F103C6_Drivers/Stm32_F103C6_gpio_driver.o
 .debug_info    0x0000000000002ec4       0xfc Stm32F103C6_Drivers/Timer.o

.debug_abbrev   0x0000000000000000      0xc73
 .debug_abbrev  0x0000000000000000       0xd4 HAL/KEYPAD_programming.o
 .debug_abbrev  0x00000000000000d4      0x184 HAL/LCD_Programme.o
 .debug_abbrev  0x0000000000000258       0xd6 HAL/srevo_motor.o
 .debug_abbrev  0x000000000000032e      0x19a Src/SCP_application.o
 .debug_abbrev  0x00000000000004c8       0xc9 Src/main.o
 .debug_abbrev  0x0000000000000591      0x18e Src/sysmem.o
 .debug_abbrev  0x000000000000071f       0x12 Startup/startup_stm32f103c6tx.o
 .debug_abbrev  0x0000000000000731      0x1aa Stm32F103C6_Drivers/Stm32F103C8_SPI_Driver.o
 .debug_abbrev  0x00000000000008db       0xc8 Stm32F103C6_Drivers/Stm32_F103C6_RCC_driver.o
 .debug_abbrev  0x00000000000009a3      0x150 Stm32F103C6_Drivers/Stm32_F103C6_UART_driver.o
 .debug_abbrev  0x0000000000000af3       0xda Stm32F103C6_Drivers/Stm32_F103C6_gpio_driver.o
 .debug_abbrev  0x0000000000000bcd       0xa6 Stm32F103C6_Drivers/Timer.o

.debug_loc      0x0000000000000000     0x11b2
 .debug_loc     0x0000000000000000       0x7c HAL/KEYPAD_programming.o
 .debug_loc     0x000000000000007c      0x37e HAL/LCD_Programme.o
 .debug_loc     0x00000000000003fa       0xa0 HAL/srevo_motor.o
 .debug_loc     0x000000000000049a      0x270 Src/SCP_application.o
 .debug_loc     0x000000000000070a       0x7c Src/main.o
 .debug_loc     0x0000000000000786       0x50 Src/sysmem.o
 .debug_loc     0x00000000000007d6      0x2b0 Stm32F103C6_Drivers/Stm32F103C8_SPI_Driver.o
 .debug_loc     0x0000000000000a86       0xc8 Stm32F103C6_Drivers/Stm32_F103C6_RCC_driver.o
 .debug_loc     0x0000000000000b4e      0x294 Stm32F103C6_Drivers/Stm32_F103C6_UART_driver.o
 .debug_loc     0x0000000000000de2      0x2e0 Stm32F103C6_Drivers/Stm32_F103C6_gpio_driver.o
 .debug_loc     0x00000000000010c2       0xf0 Stm32F103C6_Drivers/Timer.o

.debug_aranges  0x0000000000000000      0x308
 .debug_aranges
                0x0000000000000000       0x28 HAL/KEYPAD_programming.o
 .debug_aranges
                0x0000000000000028       0x70 HAL/LCD_Programme.o
 .debug_aranges
                0x0000000000000098       0x28 HAL/srevo_motor.o
 .debug_aranges
                0x00000000000000c0       0x60 Src/SCP_application.o
 .debug_aranges
                0x0000000000000120       0x28 Src/main.o
 .debug_aranges
                0x0000000000000148       0x20 Src/sysmem.o
 .debug_aranges
                0x0000000000000168       0x28 Startup/startup_stm32f103c6tx.o
 .debug_aranges
                0x0000000000000190       0x58 Stm32F103C6_Drivers/Stm32F103C8_SPI_Driver.o
 .debug_aranges
                0x00000000000001e8       0x38 Stm32F103C6_Drivers/Stm32_F103C6_RCC_driver.o
 .debug_aranges
                0x0000000000000220       0x60 Stm32F103C6_Drivers/Stm32_F103C6_UART_driver.o
 .debug_aranges
                0x0000000000000280       0x58 Stm32F103C6_Drivers/Stm32_F103C6_gpio_driver.o
 .debug_aranges
                0x00000000000002d8       0x30 Stm32F103C6_Drivers/Timer.o

.debug_ranges   0x0000000000000000      0x250
 .debug_ranges  0x0000000000000000       0x18 HAL/KEYPAD_programming.o
 .debug_ranges  0x0000000000000018       0x60 HAL/LCD_Programme.o
 .debug_ranges  0x0000000000000078       0x18 HAL/srevo_motor.o
 .debug_ranges  0x0000000000000090       0x50 Src/SCP_application.o
 .debug_ranges  0x00000000000000e0       0x18 Src/main.o
 .debug_ranges  0x00000000000000f8       0x10 Src/sysmem.o
 .debug_ranges  0x0000000000000108       0x20 Startup/startup_stm32f103c6tx.o
 .debug_ranges  0x0000000000000128       0x48 Stm32F103C6_Drivers/Stm32F103C8_SPI_Driver.o
 .debug_ranges  0x0000000000000170       0x28 Stm32F103C6_Drivers/Stm32_F103C6_RCC_driver.o
 .debug_ranges  0x0000000000000198       0x50 Stm32F103C6_Drivers/Stm32_F103C6_UART_driver.o
 .debug_ranges  0x00000000000001e8       0x48 Stm32F103C6_Drivers/Stm32_F103C6_gpio_driver.o
 .debug_ranges  0x0000000000000230       0x20 Stm32F103C6_Drivers/Timer.o

.debug_macro    0x0000000000000000     0x2da2
 .debug_macro   0x0000000000000000       0xa2 HAL/KEYPAD_programming.o
 .debug_macro   0x00000000000000a2      0xa60 HAL/KEYPAD_programming.o
 .debug_macro   0x0000000000000b02       0x22 HAL/KEYPAD_programming.o
 .debug_macro   0x0000000000000b24       0x8e HAL/KEYPAD_programming.o
 .debug_macro   0x0000000000000bb2       0x51 HAL/KEYPAD_programming.o
 .debug_macro   0x0000000000000c03       0xef HAL/KEYPAD_programming.o
 .debug_macro   0x0000000000000cf2       0x6a HAL/KEYPAD_programming.o
 .debug_macro   0x0000000000000d5c      0x1df HAL/KEYPAD_programming.o
 .debug_macro   0x0000000000000f3b      0x7b7 HAL/KEYPAD_programming.o
 .debug_macro   0x00000000000016f2       0xd0 HAL/KEYPAD_programming.o
 .debug_macro   0x00000000000017c2       0x4c HAL/KEYPAD_programming.o
 .debug_macro   0x000000000000180e       0x9d HAL/LCD_Programme.o
 .debug_macro   0x00000000000018ab       0x10 HAL/LCD_Programme.o
 .debug_macro   0x00000000000018bb       0xd6 HAL/LCD_Programme.o
 .debug_macro   0x0000000000001991       0xb8 HAL/LCD_Programme.o
 .debug_macro   0x0000000000001a49       0xa7 HAL/srevo_motor.o
 .debug_macro   0x0000000000001af0       0x40 HAL/srevo_motor.o
 .debug_macro   0x0000000000001b30       0x10 HAL/srevo_motor.o
 .debug_macro   0x0000000000001b40       0xdd Src/SCP_application.o
 .debug_macro   0x0000000000001c1d       0xd7 Src/SCP_application.o
 .debug_macro   0x0000000000001cf4       0x46 Src/SCP_application.o
 .debug_macro   0x0000000000001d3a       0xbe Src/SCP_application.o
 .debug_macro   0x0000000000001df8       0x52 Src/SCP_application.o
 .debug_macro   0x0000000000001e4a       0x16 Src/SCP_application.o
 .debug_macro   0x0000000000001e60       0xdd Src/main.o
 .debug_macro   0x0000000000001f3d       0xee Src/sysmem.o
 .debug_macro   0x000000000000202b      0x23b Src/sysmem.o
 .debug_macro   0x0000000000002266       0x8a Stm32F103C6_Drivers/Stm32F103C8_SPI_Driver.o
 .debug_macro   0x00000000000022f0       0xc6 Stm32F103C6_Drivers/Stm32F103C8_SPI_Driver.o
 .debug_macro   0x00000000000023b6       0x7b Stm32F103C6_Drivers/Stm32_F103C6_RCC_driver.o
 .debug_macro   0x0000000000002431      0x7bd Stm32F103C6_Drivers/Stm32_F103C6_RCC_driver.o
 .debug_macro   0x0000000000002bee       0x93 Stm32F103C6_Drivers/Stm32_F103C6_UART_driver.o
 .debug_macro   0x0000000000002c81       0x16 Stm32F103C6_Drivers/Stm32_F103C6_UART_driver.o
 .debug_macro   0x0000000000002c97       0x81 Stm32F103C6_Drivers/Stm32_F103C6_gpio_driver.o
 .debug_macro   0x0000000000002d18       0x8a Stm32F103C6_Drivers/Timer.o

.debug_line     0x0000000000000000     0x38f2
 .debug_line    0x0000000000000000      0x4c3 HAL/KEYPAD_programming.o
 .debug_line    0x00000000000004c3      0x5ea HAL/LCD_Programme.o
 .debug_line    0x0000000000000aad      0x466 HAL/srevo_motor.o
 .debug_line    0x0000000000000f13      0x6e9 Src/SCP_application.o
 .debug_line    0x00000000000015fc      0x50a Src/main.o
 .debug_line    0x0000000000001b06      0x4c2 Src/sysmem.o
 .debug_line    0x0000000000001fc8       0x84 Startup/startup_stm32f103c6tx.o
 .debug_line    0x000000000000204c      0x550 Stm32F103C6_Drivers/Stm32F103C8_SPI_Driver.o
 .debug_line    0x000000000000259c      0x44f Stm32F103C6_Drivers/Stm32_F103C6_RCC_driver.o
 .debug_line    0x00000000000029eb      0x5a1 Stm32F103C6_Drivers/Stm32_F103C6_UART_driver.o
 .debug_line    0x0000000000002f8c      0x50f Stm32F103C6_Drivers/Stm32_F103C6_gpio_driver.o
 .debug_line    0x000000000000349b      0x457 Stm32F103C6_Drivers/Timer.o

.debug_str      0x0000000000000000     0xa36b
 .debug_str     0x0000000000000000     0x6891 HAL/KEYPAD_programming.o
                                       0x6a02 (size before relaxing)
 .debug_str     0x0000000000006891      0x4a5 HAL/LCD_Programme.o
                                       0x6d1a (size before relaxing)
 .debug_str     0x0000000000006d36      0x273 HAL/srevo_motor.o
                                       0x6ace (size before relaxing)
 .debug_str     0x0000000000006fa9      0x712 Src/SCP_application.o
                                       0x7690 (size before relaxing)
 .debug_str     0x00000000000076bb       0x72 Src/main.o
                                       0x74e4 (size before relaxing)
 .debug_str     0x000000000000772d     0x2271 Src/sysmem.o
                                       0x5f42 (size before relaxing)
 .debug_str     0x000000000000999e       0x31 Startup/startup_stm32f103c6tx.o
                                         0x65 (size before relaxing)
 .debug_str     0x00000000000099cf      0x69a Stm32F103C6_Drivers/Stm32F103C8_SPI_Driver.o
                                       0x6f77 (size before relaxing)
 .debug_str     0x000000000000a069       0xad Stm32F103C6_Drivers/Stm32_F103C6_RCC_driver.o
                                       0x6589 (size before relaxing)
 .debug_str     0x000000000000a116      0x113 Stm32F103C6_Drivers/Stm32_F103C6_UART_driver.o
                                       0x7025 (size before relaxing)
 .debug_str     0x000000000000a229      0x117 Stm32F103C6_Drivers/Stm32_F103C6_gpio_driver.o
                                       0x69dc (size before relaxing)
 .debug_str     0x000000000000a340       0x2b Stm32F103C6_Drivers/Timer.o
                                       0x69fa (size before relaxing)

.comment        0x0000000000000000       0x7b
 .comment       0x0000000000000000       0x7b HAL/KEYPAD_programming.o
                                         0x7c (size before relaxing)
 .comment       0x000000000000007b       0x7c HAL/LCD_Programme.o
 .comment       0x000000000000007b       0x7c HAL/srevo_motor.o
 .comment       0x000000000000007b       0x7c Src/SCP_application.o
 .comment       0x000000000000007b       0x7c Src/main.o
 .comment       0x000000000000007b       0x7c Src/sysmem.o
 .comment       0x000000000000007b       0x7c Stm32F103C6_Drivers/Stm32F103C8_SPI_Driver.o
 .comment       0x000000000000007b       0x7c Stm32F103C6_Drivers/Stm32_F103C6_RCC_driver.o
 .comment       0x000000000000007b       0x7c Stm32F103C6_Drivers/Stm32_F103C6_UART_driver.o
 .comment       0x000000000000007b       0x7c Stm32F103C6_Drivers/Stm32_F103C6_gpio_driver.o
 .comment       0x000000000000007b       0x7c Stm32F103C6_Drivers/Timer.o

.debug_frame    0x0000000000000000      0xc8c
 .debug_frame   0x0000000000000000       0x50 HAL/KEYPAD_programming.o
 .debug_frame   0x0000000000000050      0x1a8 HAL/LCD_Programme.o
 .debug_frame   0x00000000000001f8       0x58 HAL/srevo_motor.o
 .debug_frame   0x0000000000000250      0x140 Src/SCP_application.o
 .debug_frame   0x0000000000000390       0x50 Src/main.o
 .debug_frame   0x00000000000003e0       0x34 Src/sysmem.o
 .debug_frame   0x0000000000000414      0x144 Stm32F103C6_Drivers/Stm32F103C8_SPI_Driver.o
 .debug_frame   0x0000000000000558       0x84 Stm32F103C6_Drivers/Stm32_F103C6_RCC_driver.o
 .debug_frame   0x00000000000005dc      0x14c Stm32F103C6_Drivers/Stm32_F103C6_UART_driver.o
 .debug_frame   0x0000000000000728      0x150 Stm32F103C6_Drivers/Stm32_F103C6_gpio_driver.o
 .debug_frame   0x0000000000000878       0x7c Stm32F103C6_Drivers/Timer.o
 .debug_frame   0x00000000000008f4       0x20 c:/st/stm32cubeide_1.4.0/stm32cubeide/plugins/com.st.stm32cube.ide.mcu.externaltools.gnu-tools-for-stm32.7-2018-q2-update.win32_1.4.0.202007081208/tools/bin/../lib/gcc/arm-none-eabi/7.3.1/../../../../arm-none-eabi/lib/thumb/v7-m\libc_nano.a(lib_a-errno.o)
 .debug_frame   0x0000000000000914       0x2c c:/st/stm32cubeide_1.4.0/stm32cubeide/plugins/com.st.stm32cube.ide.mcu.externaltools.gnu-tools-for-stm32.7-2018-q2-update.win32_1.4.0.202007081208/tools/bin/../lib/gcc/arm-none-eabi/7.3.1/../../../../arm-none-eabi/lib/thumb/v7-m\libc_nano.a(lib_a-init.o)
 .debug_frame   0x0000000000000940       0x6c c:/st/stm32cubeide_1.4.0/stm32cubeide/plugins/com.st.stm32cube.ide.mcu.externaltools.gnu-tools-for-stm32.7-2018-q2-update.win32_1.4.0.202007081208/tools/bin/../lib/gcc/arm-none-eabi/7.3.1/../../../../arm-none-eabi/lib/thumb/v7-m\libc_nano.a(lib_a-sprintf.o)
 .debug_frame   0x00000000000009ac       0x90 c:/st/stm32cubeide_1.4.0/stm32cubeide/plugins/com.st.stm32cube.ide.mcu.externaltools.gnu-tools-for-stm32.7-2018-q2-update.win32_1.4.0.202007081208/tools/bin/../lib/gcc/arm-none-eabi/7.3.1/../../../../arm-none-eabi/lib/thumb/v7-m\libc_nano.a(lib_a-nano-svfprintf.o)
 .debug_frame   0x0000000000000a3c       0x60 c:/st/stm32cubeide_1.4.0/stm32cubeide/plugins/com.st.stm32cube.ide.mcu.externaltools.gnu-tools-for-stm32.7-2018-q2-update.win32_1.4.0.202007081208/tools/bin/../lib/gcc/arm-none-eabi/7.3.1/../../../../arm-none-eabi/lib/thumb/v7-m\libc_nano.a(lib_a-nano-vfprintf_i.o)
 .debug_frame   0x0000000000000a9c       0x28 c:/st/stm32cubeide_1.4.0/stm32cubeide/plugins/com.st.stm32cube.ide.mcu.externaltools.gnu-tools-for-stm32.7-2018-q2-update.win32_1.4.0.202007081208/tools/bin/../lib/gcc/arm-none-eabi/7.3.1/../../../../arm-none-eabi/lib/thumb/v7-m\libc_nano.a(lib_a-memchr-stub.o)
 .debug_frame   0x0000000000000ac4       0x28 c:/st/stm32cubeide_1.4.0/stm32cubeide/plugins/com.st.stm32cube.ide.mcu.externaltools.gnu-tools-for-stm32.7-2018-q2-update.win32_1.4.0.202007081208/tools/bin/../lib/gcc/arm-none-eabi/7.3.1/../../../../arm-none-eabi/lib/thumb/v7-m\libc_nano.a(lib_a-memcpy-stub.o)
 .debug_frame   0x0000000000000aec       0x28 c:/st/stm32cubeide_1.4.0/stm32cubeide/plugins/com.st.stm32cube.ide.mcu.externaltools.gnu-tools-for-stm32.7-2018-q2-update.win32_1.4.0.202007081208/tools/bin/../lib/gcc/arm-none-eabi/7.3.1/../../../../arm-none-eabi/lib/thumb/v7-m\libc_nano.a(lib_a-memmove.o)
 .debug_frame   0x0000000000000b14       0x38 c:/st/stm32cubeide_1.4.0/stm32cubeide/plugins/com.st.stm32cube.ide.mcu.externaltools.gnu-tools-for-stm32.7-2018-q2-update.win32_1.4.0.202007081208/tools/bin/../lib/gcc/arm-none-eabi/7.3.1/../../../../arm-none-eabi/lib/thumb/v7-m\libc_nano.a(lib_a-nano-freer.o)
 .debug_frame   0x0000000000000b4c       0x2c c:/st/stm32cubeide_1.4.0/stm32cubeide/plugins/com.st.stm32cube.ide.mcu.externaltools.gnu-tools-for-stm32.7-2018-q2-update.win32_1.4.0.202007081208/tools/bin/../lib/gcc/arm-none-eabi/7.3.1/../../../../arm-none-eabi/lib/thumb/v7-m\libc_nano.a(lib_a-nano-mallocr.o)
 .debug_frame   0x0000000000000b78       0x3c c:/st/stm32cubeide_1.4.0/stm32cubeide/plugins/com.st.stm32cube.ide.mcu.externaltools.gnu-tools-for-stm32.7-2018-q2-update.win32_1.4.0.202007081208/tools/bin/../lib/gcc/arm-none-eabi/7.3.1/../../../../arm-none-eabi/lib/thumb/v7-m\libc_nano.a(lib_a-nano-reallocr.o)
 .debug_frame   0x0000000000000bb4       0x2c c:/st/stm32cubeide_1.4.0/stm32cubeide/plugins/com.st.stm32cube.ide.mcu.externaltools.gnu-tools-for-stm32.7-2018-q2-update.win32_1.4.0.202007081208/tools/bin/../lib/gcc/arm-none-eabi/7.3.1/../../../../arm-none-eabi/lib/thumb/v7-m\libc_nano.a(lib_a-sbrkr.o)
 .debug_frame   0x0000000000000be0       0x30 c:/st/stm32cubeide_1.4.0/stm32cubeide/plugins/com.st.stm32cube.ide.mcu.externaltools.gnu-tools-for-stm32.7-2018-q2-update.win32_1.4.0.202007081208/tools/bin/../lib/gcc/arm-none-eabi/7.3.1/../../../../arm-none-eabi/lib/thumb/v7-m\libc_nano.a(lib_a-mlock.o)
 .debug_frame   0x0000000000000c10       0x20 c:/st/stm32cubeide_1.4.0/stm32cubeide/plugins/com.st.stm32cube.ide.mcu.externaltools.gnu-tools-for-stm32.7-2018-q2-update.win32_1.4.0.202007081208/tools/bin/../lib/gcc/arm-none-eabi/7.3.1/../../../../arm-none-eabi/lib/thumb/v7-m\libc_nano.a(lib_a-nano-msizer.o)
 .debug_frame   0x0000000000000c30       0x5c c:/st/stm32cubeide_1.4.0/stm32cubeide/plugins/com.st.stm32cube.ide.mcu.externaltools.gnu-tools-for-stm32.7-2018-q2-update.win32_1.4.0.202007081208/tools/bin/../lib/gcc/arm-none-eabi/7.3.1/../../../../arm-none-eabi/lib/thumb/v7-m\libc_nano.a(lib_a-reent.o)
